
> vibescity-live@0.0.0 build
> vite build

[36mvite v7.3.0 [32mbuilding client environment for production...[36m[39m
transforming...
[32mΓ£ô[39m 6 modules transformed.
node.exe : [31mΓ£ù[39m Build failed 
in 794ms
At line:1 char:1
+ & "C:\Program Files\nodejs/node.exe" 
"C:\Users\menum\AppData\Roaming\ ...
+ ~~~~~~~~~~~~~~~~~~~~~~~~~~~~~~~~~~~~~
~~~~~~~~~~~~~~~~~~~~~~~~~~~~~~~~
    + CategoryInfo          : NotSpeci 
   fied: ([31mΓ£ù[39m Build failed   
  in 794ms:String) [], RemoteExcepti   
 on
    + FullyQualifiedErrorId : NativeCo 
   mmandError
 
[31merror during build:
[31m[vite:vue] [vue/compiler-sfc] 
Identifier 'showConfetti' has already 
been declared. (127:6)

C:/vibecity.live/src/App.vue
125|  const realTimeEvents = ref([]); 
// Γ£à Real-time events from API
126|  const timedEvents = ref([]); // 
Γ£à Dynamic events from events.json
127|  const showConfetti = ref(false);
   |        ^
128|  const galleryImages = ref([]);
129|  const isGalleryOpen = 
ref(false);[31m
file: [36mC:/vibecity.live/src/App.vue
:127:6[31m
    at constructor (C:\vibecity.live\no
de_modules\@babel\parser\lib\index.js:3
67:19)
    at Parser.raise (C:\vibecity.live\n
ode_modules\@babel\parser\lib\index.js:
6624:19)
    at 
ScopeHandler.checkRedeclarationInScope 
(C:\vibecity.live\node_modules\@babel\p
arser\lib\index.js:1646:19)
    at ScopeHandler.declareName (C:\vib
ecity.live\node_modules\@babel\parser\l
ib\index.js:1612:12)
    at 
Parser.declareNameFromIdentifier (C:\vi
becity.live\node_modules\@babel\parser\
lib\index.js:7594:16)
    at Parser.checkIdentifier (C:\vibec
ity.live\node_modules\@babel\parser\lib
\index.js:7590:12)
    at Parser.checkLVal (C:\vibecity.li
ve\node_modules\@babel\parser\lib\index
.js:7527:12)
    at Parser.parseVarId (C:\vibecity.l
ive\node_modules\@babel\parser\lib\inde
x.js:13488:10)
    at Parser.parseVar (C:\vibecity.liv
e\node_modules\@babel\parser\lib\index.
js:13459:12)
    at Parser.parseVarStatement (C:\vib
ecity.live\node_modules\@babel\parser\l
ib\index.js:13306:10)[39m
